
> frontend@0.0.0 build
> vite build

[36mrolldown-vite v7.2.5 [32mbuilding client environment for production...[36m[39m
[2K
transforming...Ô£ô 1697 modules transformed.
rendering chunks...
computing gzip size...
dist/index.html                   0.45 kB Ôöé gzip:  0.28 kB
dist/assets/index-GtvIykWs.css   48.54 kB Ôöé gzip:  8.48 kB
dist/assets/index-JHiacBjl.js   303.56 kB Ôöé gzip: 80.34 kB
[32mÔ£ô built in 374ms[39m
